main.c:102:5:main	16	static
main.c:169:6:SystemClock_Config	88	static
main.c:214:13:MX_TIM1_Init	48	static
main.c:273:13:MX_TIM2_Init	48	static
main.c:331:13:MX_TIM5_Init	32	static
main.c:376:13:MX_TIM11_Init	8	static
main.c:407:13:MX_USART2_UART_Init	8	static
main.c:438:13:MX_DMA_Init	16	static
main.c:460:13:MX_GPIO_Init	48	static
main.c:490:6:Encoder_Speed_Reader_Cycle	16	static
main.c:517:10:Micros	12	static
main.c:523:6:HAL_TIM_PeriodElapsedCallback	16	static
main.c:536:6:Error_Handler	4	static,ignoring_inline_asm
